#-----------------------------------------------------------
# Vivado v2016.2 (64-bit)
# SW Build 1577090 on Thu Jun  2 16:32:35 MDT 2016
# IP Build 1577682 on Fri Jun  3 12:00:54 MDT 2016
# Start of session at: Sun Oct 14 23:42:17 2018
# Process ID: 1580
# Current directory: /home/atlasj/work/XpressK7_RD53A/YARR_ocha/debug/Yarr-fw/syn/kc705/bram_rd53a_quad_ohio/yarr
# Command line: vivado
# Log file: /home/atlasj/work/XpressK7_RD53A/YARR_ocha/debug/Yarr-fw/syn/kc705/bram_rd53a_quad_ohio/yarr/vivado.log
# Journal file: /home/atlasj/work/XpressK7_RD53A/YARR_ocha/debug/Yarr-fw/syn/kc705/bram_rd53a_quad_ohio/yarr/vivado.jou
#-----------------------------------------------------------
start_gui
open_hw
connect_hw_server
open_hw_target
current_hw_device [lindex [get_hw_devices] 0]
refresh_hw_device -update_hw_probes false [lindex [get_hw_devices] 0]
set_property PROBES.FILE {/home/atlasj/work/XpressK7_RD53A/YARR_ocha/debug/Yarr-fw/syn/kc705/bram_rd53a_quad_ohio/yarr/yarr.runs/impl_1/debug_nets.ltx} [lindex [get_hw_devices] 0]
refresh_hw_device [lindex [get_hw_devices] 0]
display_hw_ila_data [ get_hw_ila_data hw_ila_data_1 -of_objects [get_hw_ilas -of_objects [get_hw_devices xc7k325t_0] -filter {CELL_NAME=~"app_0/dbg_2.rx_dma_wb_debug"}]]
display_hw_ila_data [ get_hw_ila_data hw_ila_data_2 -of_objects [get_hw_ilas -of_objects [get_hw_devices xc7k325t_0] -filter {CELL_NAME=~"app_0/wb_dev_gen.cmp_wb_rx_core/rx_channels[0].rd53_type.cmp_aurora_rx_channel/aurora_channel_debug"}]]
display_hw_ila_data [ get_hw_ila_data hw_ila_data_3 -of_objects [get_hw_ilas -of_objects [get_hw_devices xc7k325t_0] -filter {CELL_NAME=~"app_0/wb_dev_gen.cmp_wb_rx_core/rx_channels[0].rd53_type.cmp_aurora_rx_channel/lane_loop[0].lane_cmp/aurora_lane_debug"}]]
display_hw_ila_data [ get_hw_ila_data hw_ila_data_4 -of_objects [get_hw_ilas -of_objects [get_hw_devices xc7k325t_0] -filter {CELL_NAME=~"app_0/wb_dev_gen.cmp_wb_rx_core/rx_channels[0].rd53_type.cmp_aurora_rx_channel/lane_loop[1].lane_cmp/aurora_lane_debug"}]]
display_hw_ila_data [ get_hw_ila_data hw_ila_data_5 -of_objects [get_hw_ilas -of_objects [get_hw_devices xc7k325t_0] -filter {CELL_NAME=~"app_0/wb_dev_gen.cmp_wb_rx_core/rx_channels[0].rd53_type.cmp_aurora_rx_channel/lane_loop[2].lane_cmp/aurora_lane_debug"}]]
display_hw_ila_data [ get_hw_ila_data hw_ila_data_6 -of_objects [get_hw_ilas -of_objects [get_hw_devices xc7k325t_0] -filter {CELL_NAME=~"app_0/wb_dev_gen.cmp_wb_rx_core/rx_channels[0].rd53_type.cmp_aurora_rx_channel/lane_loop[3].lane_cmp/aurora_lane_debug"}]]
run_hw_ila [get_hw_ilas -of_objects [get_hw_devices xc7k325t_0] -filter {CELL_NAME=~"app_0/dbg_2.rx_dma_wb_debug"}] -trigger_now
wait_on_hw_ila [get_hw_ilas -of_objects [get_hw_devices xc7k325t_0] -filter {CELL_NAME=~"app_0/dbg_2.rx_dma_wb_debug"}]
display_hw_ila_data [upload_hw_ila_data [get_hw_ilas -of_objects [get_hw_devices xc7k325t_0] -filter {CELL_NAME=~"app_0/dbg_2.rx_dma_wb_debug"}]]
set_property TRIGGER_COMPARE_VALUE neq1'b0 [get_hw_probes app_0/eudet_busy_s -of_objects [get_hw_ilas -of_objects [get_hw_devices xc7k325t_0] -filter {CELL_NAME=~"app_0/dbg_2.rx_dma_wb_debug"}]]
run_hw_ila [get_hw_ilas -of_objects [get_hw_devices xc7k325t_0] -filter {CELL_NAME=~"app_0/dbg_2.rx_dma_wb_debug"}]
wait_on_hw_ila [get_hw_ilas -of_objects [get_hw_devices xc7k325t_0] -filter {CELL_NAME=~"app_0/dbg_2.rx_dma_wb_debug"}]
display_hw_ila_data [upload_hw_ila_data [get_hw_ilas -of_objects [get_hw_devices xc7k325t_0] -filter {CELL_NAME=~"app_0/dbg_2.rx_dma_wb_debug"}]]
run_hw_ila [get_hw_ilas -of_objects [get_hw_devices xc7k325t_0] -filter {CELL_NAME=~"app_0/dbg_2.rx_dma_wb_debug"}]
wait_on_hw_ila [get_hw_ilas -of_objects [get_hw_devices xc7k325t_0] -filter {CELL_NAME=~"app_0/dbg_2.rx_dma_wb_debug"}]
display_hw_ila_data [upload_hw_ila_data [get_hw_ilas -of_objects [get_hw_devices xc7k325t_0] -filter {CELL_NAME=~"app_0/dbg_2.rx_dma_wb_debug"}]]
save_wave_config {/home/atlasj/work/XpressK7_RD53A/YARR_ocha/debug/Yarr-fw/syn/kc705/bram_rd53a_quad_ohio/yarr/.Xil/Vivado-1580-kekatlaspc9/hw_1/wave/hw_ila_data_1/hw_ila_data_1.wcfg}
save_wave_config {/home/atlasj/work/XpressK7_RD53A/YARR_ocha/debug/Yarr-fw/syn/kc705/bram_rd53a_quad_ohio/yarr/.Xil/Vivado-1580-kekatlaspc9/hw_1/wave/hw_ila_data_2/hw_ila_data_2.wcfg}
save_wave_config {/home/atlasj/work/XpressK7_RD53A/YARR_ocha/debug/Yarr-fw/syn/kc705/bram_rd53a_quad_ohio/yarr/.Xil/Vivado-1580-kekatlaspc9/hw_1/wave/hw_ila_data_3/hw_ila_data_3.wcfg}
save_wave_config {/home/atlasj/work/XpressK7_RD53A/YARR_ocha/debug/Yarr-fw/syn/kc705/bram_rd53a_quad_ohio/yarr/.Xil/Vivado-1580-kekatlaspc9/hw_1/wave/hw_ila_data_4/hw_ila_data_4.wcfg}
save_wave_config {/home/atlasj/work/XpressK7_RD53A/YARR_ocha/debug/Yarr-fw/syn/kc705/bram_rd53a_quad_ohio/yarr/.Xil/Vivado-1580-kekatlaspc9/hw_1/wave/hw_ila_data_5/hw_ila_data_5.wcfg}
save_wave_config {/home/atlasj/work/XpressK7_RD53A/YARR_ocha/debug/Yarr-fw/syn/kc705/bram_rd53a_quad_ohio/yarr/.Xil/Vivado-1580-kekatlaspc9/hw_1/wave/hw_ila_data_6/hw_ila_data_6.wcfg}
